     1                                  ; ====================================================================
     2                                  ; aligned.asm
     3                                  extern printf
     4                                  section .data
     5 00000000 322074696D65732070-         fmt db  "2 times pi equals %.14f",  10, 0
     5 00000009 6920657175616C7320-
     5 00000012 252E3134660A00     
     6 00000019 112D4454FB210940            pi  dq  3.14159265358979
     7                                  section .bss
     8                                  section .text
     9                                  ; ====================================================================
    10                                  func3:
    11 00000000 55                          push    rbp
    12                                      
    13 00000001 F20F100425-                 movsd   xmm0,   [pi]
    13 00000006 [19000000]         
    14 0000000A F20F580425-                 addsd   xmm0,   [pi]
    14 0000000F [19000000]         
    15 00000013 48BF-                       mov     rdi,    fmt
    15 00000015 [0000000000000000] 
    16 0000001D B801000000                  mov     rax,    1
    17 00000022 E8(00000000)                call    printf
    18                                      
    19 00000027 5D                          pop     rbp
    20 00000028 C3                          ret
    21                                  ; ====================================================================
    22                                  func2:
    23 00000029 55                          push    rbp
    24                                      
    25 0000002A E8D1FFFFFF                  call    func3
    26                                  
    27 0000002F 5D                          pop     rbp
    28 00000030 C3                          ret
    29                                  ; ====================================================================
    30                                  func1:
    31 00000031 55                          push    rbp
    32                                      
    33 00000032 E8F2FFFFFF                  call    func2
    34                                      
    35 00000037 5D                          pop     rbp
    36 00000038 C3                          ret
    37                                  ; ====================================================================
    38                                      global  main
    39                                  main:
    40 00000039 55                          push    rbp
    41                                      
    42 0000003A E8F2FFFFFF                  call    func1
    43                                      
    44 0000003F 5D                          pop     rbp
    45 00000040 C3                          ret
    46                                  ; ====================================================================
